{"accounts":[{"account":{"active":true,"allocationHistory":[{"allocationId":"UJowHzU5CNZ3UAOb3DLoWw","credTimestampMs":1573344000000,"grainReceipt":{"amount":"955230194734145601536","id":"YX6zzoNxYwGgLduJqWVoAg"}},{"allocationId":"ximmXfNmDZzmzvKBiongqQ","credTimestampMs":1610236800000,"grainReceipt":{"amount":"477828294491848966144","id":"YX6zzoNxYwGgLduJqWVoAg"}}],"balance":"1283058489225994567680","identity":{"address":"N\u0000sourcecred\u0000core\u0000IDENTITY\u0000USER\u0000YX6zzoNxYwGgLduJqWVoAg\u0000","aliases":[{"address":"N\u0000sourcecred\u0000github\u0000USERLIKE\u0000USER\u0000decentralion\u0000","description":"github/[@decentralion](https://github.com/decentralion)"},{"address":"N\u0000sourcecred\u0000discourse\u0000user\u0000https://sourcecred-test.discourse.group\u0000d11\u0000","description":"discourse/[@d11](https://sourcecred-test.discourse.group/u/d11/)"}],"id":"YX6zzoNxYwGgLduJqWVoAg","name":"dandelion","subtype":"USER"},"mergedIdentityIds":["YX6zzoNxYwGgLduJqWVoAg"],"paid":"1433058489225994567680","payoutAddresses":{}},"cred":[9.734371505131229,4.866769476502015,5.45967678251199,4.7373704438615425,2.3682738955453986,1.183726718845694,0.5914613180048877,0.2953441802319966,0.1473144899165441,2.4349453579489957,1.2264304919463809,0.6211463655264058,0.31691732564397473,0.16277363889880894,0.08371509582328687,0.028928164358970124,0.014267273024559912,0.5453029131600076,0.27141888397473823,0.13453814752695514,0.06634511974938383,0.032587065468144376,0.016028475651720664,0.007954205665525283,0.003997889419964005,0.002030899597244289,0.0008405715770641733,0.0004776600406798219,1.9007526801259118,1.085677021184071,0.5432928577703224,0.2717794907876564,0.13589865806976995,0.0679125685814321,0.03389667398401075,0.01687177414359239,0.008349430785737303,0.004091762743956956,0.001981025544111591,0.0009510935157626784,0.00045823152694495774,0.00022471191855171583,0.0001131127101095399,0.00005861146817368224,0.000031224257736397435,0.00001692011570966845,0.000009143942782567664,0.0000017758227922298605,8.592695036976257e-7,4.224989641272658e-7,2.0979163754847378e-7,1.0489662307390688e-7,5.281587001412381e-8,2.68604024703097e-8,1.3888508320127705e-8,7.374435332857254e-9,4.05856309078409e-9,2.529980175930207e-11,7.001604706520343e-12,1.5593659298830068e-12,3.7116169898404366e-13,9.165048554577199e-14,1.837234125606928e-14,2.9879162586579517e-15,3.947313242161919e-16,3.42921690131471e-17,1.705264917142633e-18,8.143185890274855e-20,1.5028095501200392e-20,4.765266575964492e-21,1.720055458009885e-21,6.947642747137285e-22,3.0605314652383593e-22,1.4268997833018774e-22,57.61102664627341,45.214971557741144,22.60504781529285,11.300079669093709,5.6475987081923575,2.8213677024746415,1.4082720196537486,0.7017637553718028,0.34858739706476394,48.1752669942228,40.08680045200115,20.042922147052863,24.71603018788419,12.204310754058765,6.0384220697297515,2.923079615713877,1.4531626951998384,0.7187931678914634,0.35204984655300764,0.16939485163372614,0.07915390551509126,0.03547056884280516,0.015127981624406291,0.006151889310747992,0.0024034257482968787,0.0009083004494199374,0.00033702215886745074,0.00012665050594923283,0.000050089077681615366,0.000021235039400648467,0.000009586087979147995,0.000004523805919297107,0.000002193048893914046,0.000001079108373768835,5.351744081180742e-7,2.6648891130965663e-7,1.3296944056724498e-7,6.641590143197349e-8,3.319073329680788e-8,1.6591058557117185e-8,8.294450787010058e-9,4.1469551295118625e-9,2.073409718216352e-9,1.0366877821728024e-9,5.183395822075075e-10,2.5916870787269375e-10,1.295840909380222e-10,6.479197595693825e-11,3.2395972880829253e-11,1.619798287839987e-11,8.09899086057418e-12,4.049495250203055e-12,2.0247476251015276e-12,1.0123738125507638e-12,5.061869062753819e-13,2.5309345313769095e-13,1.2654672656884548e-13,6.327336328442274e-14,3.163668164221137e-14,1.5818340821105684e-14,7.909170410552842e-15,3.954585205276421e-15,1.9772926026382106e-15,9.886463013191053e-16,4.943231506595526e-16,2.471615753297763e-16,1.2358078766488816e-16,6.179039383244408e-17,3.089519691622204e-17,1.544759845811102e-17,7.72379922905551e-18,3.861899614527755e-18,1.9309498072638775e-18,9.654749036319387e-19,4.827374518159694e-19,1.2342362531583944e-15],"totalCred":344.10604239688456},{"account":{"active":true,"allocationHistory":[{"allocationId":"UJowHzU5CNZ3UAOb3DLoWw","credTimestampMs":1573344000000,"grainReceipt":{"amount":"44769805265854398464","id":"mbzRr0D3A2wcD1E7p0H2rQ"}},{"allocationId":"mwdon6Y7JGFxbQYnLUyGdQ","credTimestampMs":1583344000000,"grainReceipt":{"amount":"200000000000","id":"mbzRr0D3A2wcD1E7p0H2rQ"}},{"allocationId":"ximmXfNmDZzmzvKBiongqQ","credTimestampMs":1610236800000,"grainReceipt":{"amount":"27869471970970767360","id":"mbzRr0D3A2wcD1E7p0H2rQ"}}],"balance":"72639177436825165824","identity":{"address":"N\u0000sourcecred\u0000core\u0000IDENTITY\u0000USER\u0000mbzRr0D3A2wcD1E7p0H2rQ\u0000","aliases":[{"address":"N\u0000sourcecred\u0000github\u0000USERLIKE\u0000USER\u0000wchargin\u0000","description":"github/[@wchargin](https://github.com/wchargin)"}],"id":"mbzRr0D3A2wcD1E7p0H2rQ","name":"william","subtype":"USER"},"mergedIdentityIds":["mbzRr0D3A2wcD1E7p0H2rQ"],"paid":"72639277436825165824","payoutAddresses":{}},"cred":[3.2656284948687713,1.6332305234979851,0.7903232174880094,0.387629556138458,0.19422610445460123,0.0975232811543062,0.049163681995112264,0.024968319768003445,0.012841760083455873,1.145132767051004,0.5636085705536191,0.2738731657235942,0.1305924399810253,0.060981243913691086,0.028162345582963117,0.527010556344155,0.2637020873270026,0.5936817670157737,0.2980734561131524,0.15020802251699023,0.07602796527258883,0.03859947704284195,0.0195647956037725,0.009842429962221299,0.0049004283939092855,0.002418259309692357,0.0009627504223379714,0.0005274054934963664,3.732905790794856,1.6265769447920169,0.8125160406591302,0.40593065791520794,0.2027999144243745,0.10128099277213108,0.050528708315202016,0.025149153023262684,0.01245902500687959,0.00612526930555565,0.002982799471192271,0.0014422806771282656,0.0006992009669367652,0.0003450567981065567,0.00017501235866520425,0.0000902970017624402,0.00004623289194007084,0.00002312103775637866,0.000011342355654735467,0.000008028466706374756,0.00000407230333071443,0.0000020511041769288936,0.0000010290826100832274,5.151309259568861e-7,2.574110953321778e-7,1.283697944395409e-7,6.381632541894466e-8,3.155574807877274e-8,1.547221047241491e-8,9.282841718582624e-10,3.0110348097180964e-10,7.788047339706586e-11,2.0051532731209257e-11,5.153897729883238e-12,1.060566863369618e-12,1.7503105516512046e-13,2.324199653135024e-14,1.9987820689963584e-15,9.014208217734277e-17,1.7796528936798452e-18,2.237026010774577e-20,4.775686858021652e-21,1.7208778922671593e-21,6.94930014154812e-22,3.0608964364493975e-22,1.4269848613294648e-22,5.818837506694407e-23,1.301576918692234e-23,2.0661831736252987e-24,3.8802733140667916e-25,7.328571551645583e-26,1.1661651520810091e-26,1.799222330681415e-27,3.0941473062905803e-28,6.080093710935786e-29,4.874899836669698e-28,5.751835443171135e-29,5.455821701028673e-30,1.3611851688735403e-30,1.8815144244429198e-31,2.834220892933421e-32,4.715757253750653e-33,9.962833065934095e-34,2.168487381477269e-34,5.106439104438007e-35,1.362797446422701e-35,2.9732575466421528e-36,6.556715776714454e-37,1.5806161802176188e-37,3.984693299003499e-38,1.040451325622914e-38,2.8310388016602303e-39,8.243558752674383e-40,2.633488615724855e-40,9.466101821381311e-41,3.808333109777447e-41,1.6723984150826355e-41,7.781137331072694e-42,3.745105968586879e-42,1.8361493027717236e-42,9.089689340099477e-43,4.52207225135656e-43,2.2553415572449947e-43,1.1262467516359968e-43,5.627672261236646e-44,2.81294513109447e-44,1.4062495291450912e-44,7.030688744616642e-45,3.515204066177615e-45,1.7575667168748342e-45,8.787744467843358e-46,4.393849828189086e-46,2.1969194736013305e-46,1.0984582984378245e-46,5.492288367662179e-47,2.7461434465437867e-47,1.3730716034939393e-47,6.865357644649266e-48,3.432678822324633e-48,1.7163394111623165e-48,8.581697055811582e-49,4.290848527905791e-49,2.1454242639528956e-49,1.0727121319764478e-49,5.363560659882239e-50,2.6817803299411195e-50,1.3408901649705597e-50,6.704450824852799e-51,3.3522254124263993e-51,1.6761127062131997e-51,8.380563531065998e-52,4.190281765532999e-52,2.0951408827664996e-52,1.0475704413832498e-52,5.237852206916249e-53,2.6189261034581245e-53,1.3094630517290622e-53,6.547315258645311e-54,3.2736576293226556e-54,1.6368288146613278e-54,8.184144073306639e-55,2.0924764130786235e-51],"totalCred":17.625508907686957},{"account":{"active":false,"allocationHistory":[],"balance":"0","identity":{"address":"N\u0000sourcecred\u0000core\u0000IDENTITY\u0000USER\u0000ytxt20G2QLd8Z135K0cyUA\u0000","aliases":[{"address":"N\u0000sourcecred\u0000discourse\u0000user\u0000https://sourcecred-test.discourse.group\u0000beanow.sc-test\u0000","description":"discourse/[@beanow.sc-test](https://sourcecred-test.discourse.group/u/beanow.sc-test/)"}],"id":"ytxt20G2QLd8Z135K0cyUA","name":"beanow","subtype":"USER"},"mergedIdentityIds":["ytxt20G2QLd8Z135K0cyUA"],"paid":"0","payoutAddresses":{}},"cred":[0,0,0,0,0,0,0,0,0,0,0,0,0,0,0,0,0,0,0,0,0,0,0,0,0,0,0,0,0,0,0,0,0,0,0,0,0,0,0,0,0,0,0,0,0,0,0,0,0,0,0,0,0,0,0,0,0,0,0,0,0,0,0,0,0,0,0,0,0,0,0,0,0,0,0,0,0,0,0,0,0,0,0,0,0,0,0,0,0,864.0803469630017,432.0420455423144,216.0270074833139,108.0204334231737,54.01680977902625,27.013991332169137,13.511175478007912,6.758270818525742,3.3806148358429793,1.6910323611460505,0.8458438086138355,0.42305695903778007,0.21157783667771396,0.10580474148392975,0.052906959317750885,0.026454726915380502,0.013227689689401542,0.006613928359420184,0.0033069853149562496,0.0016534979739263047,0.0008267503203118727,0.00041337549405119146,0.00020668783058110752,0.0001033439361951852,0.00005167197332832333,0.00002583598797362995,0.000012917994314959726,0.0000064589972398561235,0.000003229498640661853,0.0000016147493255623975,8.073746640963256e-7,4.0368733236745305e-7,2.0184366626810993e-7,1.0092183315238176e-7,5.046091658051457e-8,2.5230458290959618e-8,1.2615229145698388e-8,6.307614572849194e-9,3.153807286424597e-9,1.5769036432122985e-9,7.884518216061493e-10,3.9422591080307463e-10,1.9711295540153731e-10,9.855647770076866e-11,4.927823885038433e-11,2.4639119425192164e-11,1.2319559712596082e-11,6.159779856298041e-12,3.0798899281490205e-12,1.5399449640745103e-12,7.699724820372551e-13,3.8498624101862757e-13,1.9249312050931378e-13,9.624656025465689e-14,4.8123280127328446e-14,2.4061640063664223e-14,1.2030820031832111e-14,6.015410015916056e-15,3.007705007958028e-15,1.503852503979014e-15,3.844966394946041e-12],"totalCred":1728.2338286514407},{"account":{"active":false,"allocationHistory":[],"balance":"0","identity":{"address":"N\u0000sourcecred\u0000core\u0000IDENTITY\u0000aqOclre2pDpONTn6cxw1Ug\u0000","aliases":[{"address":"N\u0000sourcecred\u0000discourse\u0000user\u0000https://sourcecred-test.discourse.group\u0000dl-proto\u0000","description":"discourse/[@dl-proto](https://sourcecred-test.discourse.group/u/dl-proto/)"}],"id":"aqOclre2pDpONTn6cxw1Ug","name":"dl-proto","subtype":"USER"},"mergedIdentityIds":["aqOclre2pDpONTn6cxw1Ug"],"paid":"0","payoutAddresses":{}},"cred":[0,0,0,0,0,0,0,0,0,0,0,0,0,0,0,0,0,0,0,0,0,0,0,0,0,0,0,0,0,0,0,0,0,0,0,0,0,0,0,0,0,0,0,0,0,0,0,0,0,0,0,0,0,0,0,0,0,0,0,0,0,0,0,0,0,0,0,0,0,0,0,0,0,0,6.589182232721237,2.8851460813520613,1.445012400133471,0.7249506368135291,0.36491649433085843,0.1848899131804506,0.09485679175633743,0.049800651181964466,0.027194806416835058,0.012624106435390265,0.007145098854051488,0.004050628403378491,1.3074561998448433,0.8074324398059052,0.4674495272026236,0.24950921975053342,0.13125966171886747,0.0674332984112014,0.03413370508156968,0.01710385674416149,0.008509006017838116,0.004181075000317192,0.002014760775369078,0.0009400553090308561,0.0004176033370321054,0.00017458605243427067,0.00006936636119726916,0.000027186595259239907,0.0000110063278498167,0.000004724087579067853,0.0000021462190056534687,0.0000010161158618119727,4.933972772263343e-7,2.429794656444198e-7,1.2055306340856105e-7,6.004147573318583e-8,2.9961857699113504e-8,1.4966192189408483e-8,7.479408882453876e-9,3.738781801787531e-9,1.8691599241559533e-9,9.34522081318757e-10,4.672465109387718e-10,2.3361959861343983e-10,1.168088767142801e-10,5.840420646152512e-11,2.920204693887271e-11,1.4601008598085717e-11,7.300501069889081e-12,3.6502497732745105e-12,1.8251247629268823e-12,9.125623429680446e-13,4.562811714840223e-13,2.2814058574201114e-13,1.1407029287100557e-13,5.703514643550278e-14,2.851757321775139e-14,1.4258786608875696e-14,7.129393304437848e-15,3.564696652218924e-15,1.782348326109462e-15,8.91174163054731e-16,4.455870815273655e-16,2.2279354076368275e-16,1.1139677038184138e-16,5.569838519092069e-17,2.7849192595460344e-17,1.3924596297730172e-17,6.962298148865086e-18,3.481149074432543e-18,1.7405745372162715e-18,8.702872686081358e-19,4.351436343040679e-19,2.1757181715203394e-19,1.0878590857601697e-19,15.999999999996154],"totalCred":31.487901259189886},{"account":{"active":false,"allocationHistory":[],"balance":"0","identity":{"address":"N\u0000sourcecred\u0000core\u0000IDENTITY\u0000I1miJ58z42LP62g4MtnPNg\u0000","aliases":[{"address":"N\u0000sourcecred\u0000discourse\u0000user\u0000https://sourcecred-test.discourse.group\u0000system\u0000","description":"discourse/[@system](https://sourcecred-test.discourse.group/u/system/)"}],"id":"I1miJ58z42LP62g4MtnPNg","name":"system","subtype":"BOT"},"mergedIdentityIds":["I1miJ58z42LP62g4MtnPNg"],"paid":"0","payoutAddresses":{}},"cred":[0,0,0,0,0,0,0,0,0,0,0,0,0,0,0,0,0,0,0,0,0,0,0,0,0,0,0,0,0,0,0,0,0,0,0,0,0,0,0,0,0,0,0,0,0,0,0,0,0,0,0,0,0,0,0,0,0,32.0000000102587,16.000000005332716,8.00000000275643,4.00000000140153,2.000000000706767,1.0000000003552496,0.5000000001780619,0.25000000008911,0.12500000004456682,0.06250000002228455,0.03125000001114232,0.01562500000557116,0.00781250000278558,0.00390625000139279,0.001953125000696395,0.0009765625003481976,0.0004882812501740988,0.000035261630440787086,0.000004431219335763658,8.197299514118667e-7,2.1167089910398877e-7,5.626585209700478e-8,1.373944128792965e-8,3.2871812757957033e-9,7.948661152875343e-10,1.9271773099132073e-10,1.1789649290368444e-9,6.337021705124914e-11,3.0451444194821954e-12,6.095537967768235e-13,1.506412959497709e-13,3.7396643450859234e-14,9.098162182164672e-15,2.370796054526558e-15,6.103326959144174e-16,1.5962234202600816e-16,4.4883934672055486e-17,1.0383651384378452e-17,2.376519058080105e-18,5.798777264980561e-19,1.4671767130556287e-19,3.835773763471598e-20,1.044204029994453e-20,3.0410860901352305e-21,9.715637450304035e-22,3.492353875723641e-22,1.405024582044736e-22,6.170058019489923e-23,2.870732403628962e-23,1.3817000552061768e-23,6.774194543859402e-24,3.353503124068272e-24,1.668350025310146e-24,8.32074088186805e-25,4.155116709496602e-25,2.0762443944654815e-25,1.0377934764665474e-25,5.188144523334562e-26,2.593866063574134e-26,1.296881267966583e-26,6.484276046013757e-27,3.2421051448134145e-27,1.6210443061512268e-27,8.105201458880943e-28,4.052595422818758e-28,2.026296558662515e-28,1.01314800732028e-28,5.065739594698791e-29,2.5328696598029475e-29,1.2664348299014738e-29,6.332174149507369e-30,3.1660870747536844e-30,1.5830435373768422e-30,7.915217686884211e-31,3.9576088434421055e-31,1.9788044217210528e-31,9.894022108605264e-32,4.947011054302632e-32,2.473505527151316e-32,1.236752763575658e-32,6.18376381787829e-33,3.091881908939145e-33,1.5459409544695725e-33,7.729704772347862e-34,3.864852386173931e-34,1.9324261930869656e-34,9.662130965434828e-35,4.831065482717414e-35,2.415532741358707e-35,1.2077663706793535e-35,6.038831853396767e-36,3.019415926698384e-36,7.719874615229773e-33],"totalCred":63.99955253969441},{"account":{"active":false,"allocationHistory":[],"balance":"0","identity":{"address":"N\u0000sourcecred\u0000core\u0000IDENTITY\u0000OkPjNksXJwGnTxgnLa1DyQ\u0000","aliases":[{"address":"N\u0000sourcecred\u0000github\u0000USERLIKE\u0000BOT\u0000credbot\u0000","description":"github/[@credbot](https://github.com/credbot)"}],"id":"OkPjNksXJwGnTxgnLa1DyQ","name":"credbot","subtype":"BOT"},"mergedIdentityIds":["OkPjNksXJwGnTxgnLa1DyQ"],"paid":"0","payoutAddresses":{}},"cred":[0,0,0,0,0,0,0,0,0,0,0,0,0,0,0,0,0,0,0,0,0,0,0,0,0,0,0.5004212574540662,0.250107224192558,0.4918976739426004,0.350524106455596,0.17558013778638915,0.08798436940505655,0.04414868655981604,0.02223006817341704,0.01128643246427734,0.005834980214889978,0.0031194978982556337,0.0017469447959236582,0.0010181634074142706,0.0005976200184681223,0.00033806461179781,0.0001779798361814939,0.00008574920764513903,0.00003802866827381918,0.000016011419428502532,0.0000066931310864382945,0.0000028808438389395713,0.000001879281639516734,9.102127346486212e-7,4.4728964347417816e-7,2.2157214463346766e-7,1.1019564710179152e-7,5.488463271999051e-8,2.7325602123295533e-8,1.3573065777500687e-8,6.708766346656534e-9,3.2887013159442624e-9,1.9744970914195588e-10,6.404670879898846e-11,1.6565851012529463e-11,4.2651548945504185e-12,1.0962864797099821e-12,2.255937150491544e-13,3.723097995211259e-14,4.943824096112953e-15,4.2516261363761657e-16,1.9174167417914506e-17,3.7854061271537516e-19,4.755249364543572e-21,1.014834632893171e-21,3.656865209026652e-22,1.4767261441418524e-22,6.504404308225518e-23,3.032342536869958e-23,2.4755972130160638e-24,2.8227223069002496e-25,4.889097234503322e-26,1.2390374385732378e-26,3.268990318583565e-27,7.946933966141416e-28,1.8967825345303817e-28,4.5815938990309375e-29,1.1103141275276353e-29,6.792428029640383e-29,3.6509777992907325e-30,1.7541087641375944e-31,3.510957354445959e-32,8.676715077396383e-33,2.1539860073450474e-33,5.240387659624022e-34,1.3655377905493555e-34,3.51541035131821e-35,9.193968175889938e-36,2.5852360605536777e-36,5.980800936093806e-37,1.3688331973548566e-37,3.3399937056017746e-38,8.450679746167082e-39,2.2093381993482795e-39,6.01443148325114e-40,1.7516120784247967e-40,5.596036217956471e-41,2.0115343817157126e-41,8.092694366909518e-42,3.553844851834885e-42,1.6534913514946118e-42,7.958349195954961e-43,3.901816859454046e-43,1.9315587916725187e-43,9.60940258514458e-44,4.792600337308206e-44,2.3932741117894253e-44,1.195880237891908e-44,5.977507815687105e-45,2.988279955539413e-45,1.494021211296262e-45,7.469807905983554e-46,3.7348289060445596e-46,1.8673955157613583e-46,9.33692996662974e-47,4.668453422267938e-47,2.3342236546132356e-47,1.167111163344708e-47,5.835554249988175e-48,2.91777687046596e-48,1.458888356008646e-48,7.29444178004323e-49,3.647220890021615e-49,1.8236104450108074e-49,9.118052225054037e-50,4.559026112527019e-50,2.2795130562635093e-50,1.1397565281317546e-50,5.698782640658773e-51,2.8493913203293866e-51,1.4246956601646933e-51,7.123478300823467e-52,3.561739150411733e-52,1.7808695752058666e-52,8.904347876029333e-53,4.452173938014667e-53,2.2260869690073333e-53,1.1130434845036667e-53,5.565217422518333e-54,2.7826087112591666e-54,1.3913043556295833e-54,6.956521778147917e-55,3.478260889073958e-55,1.739130444536979e-55,4.4465119404847804e-52],"totalCred":1.9471662451032503},{"account":{"active":true,"allocationHistory":[{"allocationId":"ximmXfNmDZzmzvKBiongqQ","credTimestampMs":1610236800000,"grainReceipt":{"amount":"494302233537180266496","id":"2zWwkGHnBGXmEcYneeWAzw"}}],"balance":"644302333537180266496","identity":{"address":"N\u0000sourcecred\u0000core\u0000IDENTITY\u00002zWwkGHnBGXmEcYneeWAzw\u0000","aliases":[],"id":"2zWwkGHnBGXmEcYneeWAzw","name":"SourceCred","subtype":"PROJECT"},"mergedIdentityIds":["2zWwkGHnBGXmEcYneeWAzw"],"paid":"494302233537180266496","payoutAddresses":{}},"cred":[0,0,0,0,0,0,0,0,0,0,0,0,0,0,0,0,0,0,0,0,0,0,0,0,0,0,0,0,0,0,0,0,0,0,0,0,0,0,0,0,0,0,0,0,0,0.0000023367142276242705,0.0000011683571138121353,5.841785569060676e-7,2.9208927845303387e-7,1.460446392265169e-7,7.302231961325845e-8,3.651115980662923e-8,1.8255579903314607e-8,9.127789951657308e-9,4.563894975828653e-9,2.2819474879143267e-9,1.1409737439571633e-9,1.600000000570487,0.8000000002852435,0.4000000001426218,0.20000000007131088,0.10000000003565546,0.05000000001782771,0.02500000000891386,0.01250000000445693,0.006250000002228463,0.0031250000011142326,0.0015625000005571163,0.0007812500002785581,0.00039062500013927907,0.00019531250006963954,0.00009765625003481977,0.000048828125017409884,0.000024414062508704942,3.2100122070312547,2.4050061035156274,1.2025030517578137,0.601251525878907,0.3006257629394534,0.15031288146972666,0.07515644073486337,0.037578220367431664,0.01878911018371584,2.409394555091858,2.004697277545929,1.0023486387729643,1.3011743193864822,0.6505871596932411,0.32529357984662066,43.3626467899233,21.681323394961655,10.84066169748083,5.420330848740414,2.710165424370207,1.3550827121851035,0.6775413560925518,0.33877067804627586,0.16938533902313793,0.08469266951156897,0.04234633475578448,0.021173167377892238,0.010586583688946122,0.0052932918444730595,0.00264664592223653,0.001323322961118265,0.0006616614805591327,0.0003308307402795663,0.00016541537013978316,0.00008270768506989157,0.00004135384253494578,0.00002067692126747289,0.000010338460633736446,0.000005169230316868223,0.000002584615158434112,0.0000012923075792170558,6.461537896085278e-7,3.2307689480426394e-7,1.6153844740213197e-7,8.076922370106597e-8,4.038461185053299e-8,2.0192305925266496e-8,1.009615296263325e-8,5.048076481316624e-9,2.5240382406583124e-9,1.262019120329156e-9,6.31009560164578e-10,3.15504780082289e-10,1.577523900411445e-10,7.887619502057225e-11,3.9438097510286125e-11,1.9719048755143063e-11,9.859524377571531e-12,4.929762188785766e-12,2.464881094392883e-12,1.2324405471964414e-12,6.162202735982207e-13,3.0811013679911035e-13,1.5405506839955518e-13,7.702753419977759e-14,3.8513767099888794e-14,1.9256883549944397e-14,9.628441774972199e-15,4.814220887486099e-15,2.4071104437430496e-15,1.2035552218715248e-15,6.017776109357624e-16,3.008888054678812e-16,1.504444027339406e-16,7.52222013669703e-17,0.8],"totalCred":106.42000467342844},{"account":{"active":false,"allocationHistory":[],"balance":"0","identity":{"address":"N\u0000sourcecred\u0000core\u0000IDENTITY\u0000VFaou0BJGkEO65oQggEBgw\u0000","aliases":[{"address":"N\u0000sourcecred\u0000ethereum\u00000x2Ccc7cD913677553766873483ed9eEDdB77A0Bb0\u0000","description":"0x2Ccc7cD913677553766873483ed9eEDdB77A0Bb0"}],"id":"VFaou0BJGkEO65oQggEBgw","name":"0x2Ccc---0Bb0","subtype":"USER"},"mergedIdentityIds":["VFaou0BJGkEO65oQggEBgw"],"paid":"0","payoutAddresses":{}},"cred":[0,0,0,0,0,0,0,0,0,0,0,0,0,0,0,0,0,0,0,0,0,0,0,0,0,0,0,0,0,0,0,0,0,0,0,0,0,0,0,0,0,0,0,0,0,0,0,0,0,0,0,0,0,0,0,0,0,0,0,0,0,0,0,0,0,0,0,0,0,0,0,0,0,0,0,0,0,0,0,0,0,0,0,0,0,0,0,0,0,0,0,0,0,0,0,0,0,0,0,0,0,0,0,0,0,0,0,0,0,0,0,0,0,0,0,0,0,0,0,0,0,0,0,0,0,0,0,0,0,0,0,0,0,0,0,0,0,0,0,0,0,0,0,0,0,0,0,0,0,0],"totalCred":0},{"account":{"active":false,"allocationHistory":[],"balance":"0","identity":{"address":"N\u0000sourcecred\u0000core\u0000IDENTITY\u00001hw0KbIApbq79hYikOM8Xw\u0000","aliases":[{"address":"N\u0000sourcecred\u0000ethereum\u00000xb4124cEB3451635DAcedd11767f004d8a28c6eE7\u0000","description":"0xb4124cEB3451635DAcedd11767f004d8a28c6eE7"}],"id":"1hw0KbIApbq79hYikOM8Xw","name":"0xb412---6eE7","subtype":"USER"},"mergedIdentityIds":["1hw0KbIApbq79hYikOM8Xw"],"paid":"0","payoutAddresses":{}},"cred":[0,0,0,0,0,0,0,0,0,0,0,0,0,0,0,0,0,0,0,0,0,0,0,0,0,0,0,0,0,0,0,0,0,0,0,0,0,0,0,0,0,0,0,0,0,0,0,0,0,0,0,0,0,0,0,0,0,0,0,0,0,0,0,0,0,0,0,0,0,0,0,0,0,0,0,0,0,0,0,0,0,0,0,0,0,0,0,0,0,0,0,0,0,0,0,0,0,0,0,0,0,0,0,0,0,0,0,0,0,0,0,0,0,0,0,0,0,0,0,0,0,0,0,0,0,0,0,0,0,0,0,0,0,0,0,0,0,0,0,0,0,0,0,0,0,0,0,0,0,0],"totalCred":0},{"account":{"active":false,"allocationHistory":[],"balance":"0","identity":{"address":"N\u0000sourcecred\u0000core\u0000IDENTITY\u0000ezRReEq3L7W794YIvvDQOg\u0000","aliases":[{"address":"N\u0000sourcecred\u0000ethereum\u00000x8401Eb5ff34cc943f096A32EF3d5113FEbE8D4Eb\u0000","description":"0x8401Eb5ff34cc943f096A32EF3d5113FEbE8D4Eb"}],"id":"ezRReEq3L7W794YIvvDQOg","name":"0x8401---D4Eb","subtype":"USER"},"mergedIdentityIds":["ezRReEq3L7W794YIvvDQOg"],"paid":"0","payoutAddresses":{}},"cred":[0,0,0,0,0,0,0,0,0,0,0,0,0,0,0,0,0,0,0,0,0,0,0,0,0,0,0,0,0,0,0,0,0,0,0,0,0,0,0,0,0,0,0,0,0,0,0,0,0,0,0,0,0,0,0,0,0,0,0,0,0,0,0,0,0,0,0,0,0,0,0,0,0,0,0,0,0,0,0,0,0,0,0,0,0,0,0,0,0,0,0,0,0,0,0,0,0,0,0,0,0,0,0,0,0,0,0,0,0,0,0,0,0,0,0,0,0,0,0,0,0,0,0,0,0,0,0,0,0,0,0,0,0,0,0,0,0,0,0,0,0,0,0,0,0,0,0,0,0,0],"totalCred":0}],"intervals":[{"endTimeMs":1520121600000,"startTimeMs":1519516800000},{"endTimeMs":1520726400000,"startTimeMs":1520121600000},{"endTimeMs":1521331200000,"startTimeMs":1520726400000},{"endTimeMs":1521936000000,"startTimeMs":1521331200000},{"endTimeMs":1522540800000,"startTimeMs":1521936000000},{"endTimeMs":1523145600000,"startTimeMs":1522540800000},{"endTimeMs":1523750400000,"startTimeMs":1523145600000},{"endTimeMs":1524355200000,"startTimeMs":1523750400000},{"endTimeMs":1524960000000,"startTimeMs":1524355200000},{"endTimeMs":1525564800000,"startTimeMs":1524960000000},{"endTimeMs":1526169600000,"startTimeMs":1525564800000},{"endTimeMs":1526774400000,"startTimeMs":1526169600000},{"endTimeMs":1527379200000,"startTimeMs":1526774400000},{"endTimeMs":1527984000000,"startTimeMs":1527379200000},{"endTimeMs":1528588800000,"startTimeMs":1527984000000},{"endTimeMs":1529193600000,"startTimeMs":1528588800000},{"endTimeMs":1529798400000,"startTimeMs":1529193600000},{"endTimeMs":1530403200000,"startTimeMs":1529798400000},{"endTimeMs":1531008000000,"startTimeMs":1530403200000},{"endTimeMs":1531612800000,"startTimeMs":1531008000000},{"endTimeMs":1532217600000,"startTimeMs":1531612800000},{"endTimeMs":1532822400000,"startTimeMs":1532217600000},{"endTimeMs":1533427200000,"startTimeMs":1532822400000},{"endTimeMs":1534032000000,"startTimeMs":1533427200000},{"endTimeMs":1534636800000,"startTimeMs":1534032000000},{"endTimeMs":1535241600000,"startTimeMs":1534636800000},{"endTimeMs":1535846400000,"startTimeMs":1535241600000},{"endTimeMs":1536451200000,"startTimeMs":1535846400000},{"endTimeMs":1537056000000,"startTimeMs":1536451200000},{"endTimeMs":1537660800000,"startTimeMs":1537056000000},{"endTimeMs":1538265600000,"startTimeMs":1537660800000},{"endTimeMs":1538870400000,"startTimeMs":1538265600000},{"endTimeMs":1539475200000,"startTimeMs":1538870400000},{"endTimeMs":1540080000000,"startTimeMs":1539475200000},{"endTimeMs":1540684800000,"startTimeMs":1540080000000},{"endTimeMs":1541289600000,"startTimeMs":1540684800000},{"endTimeMs":1541894400000,"startTimeMs":1541289600000},{"endTimeMs":1542499200000,"startTimeMs":1541894400000},{"endTimeMs":1543104000000,"startTimeMs":1542499200000},{"endTimeMs":1543708800000,"startTimeMs":1543104000000},{"endTimeMs":1544313600000,"startTimeMs":1543708800000},{"endTimeMs":1544918400000,"startTimeMs":1544313600000},{"endTimeMs":1545523200000,"startTimeMs":1544918400000},{"endTimeMs":1546128000000,"startTimeMs":1545523200000},{"endTimeMs":1546732800000,"startTimeMs":1546128000000},{"endTimeMs":1547337600000,"startTimeMs":1546732800000},{"endTimeMs":1547942400000,"startTimeMs":1547337600000},{"endTimeMs":1548547200000,"startTimeMs":1547942400000},{"endTimeMs":1549152000000,"startTimeMs":1548547200000},{"endTimeMs":1549756800000,"startTimeMs":1549152000000},{"endTimeMs":1550361600000,"startTimeMs":1549756800000},{"endTimeMs":1550966400000,"startTimeMs":1550361600000},{"endTimeMs":1551571200000,"startTimeMs":1550966400000},{"endTimeMs":1552176000000,"startTimeMs":1551571200000},{"endTimeMs":1552780800000,"startTimeMs":1552176000000},{"endTimeMs":1553385600000,"startTimeMs":1552780800000},{"endTimeMs":1553990400000,"startTimeMs":1553385600000},{"endTimeMs":1554595200000,"startTimeMs":1553990400000},{"endTimeMs":1555200000000,"startTimeMs":1554595200000},{"endTimeMs":1555804800000,"startTimeMs":1555200000000},{"endTimeMs":1556409600000,"startTimeMs":1555804800000},{"endTimeMs":1557014400000,"startTimeMs":1556409600000},{"endTimeMs":1557619200000,"startTimeMs":1557014400000},{"endTimeMs":1558224000000,"startTimeMs":1557619200000},{"endTimeMs":1558828800000,"startTimeMs":1558224000000},{"endTimeMs":1559433600000,"startTimeMs":1558828800000},{"endTimeMs":1560038400000,"startTimeMs":1559433600000},{"endTimeMs":1560643200000,"startTimeMs":1560038400000},{"endTimeMs":1561248000000,"startTimeMs":1560643200000},{"endTimeMs":1561852800000,"startTimeMs":1561248000000},{"endTimeMs":1562457600000,"startTimeMs":1561852800000},{"endTimeMs":1563062400000,"startTimeMs":1562457600000},{"endTimeMs":1563667200000,"startTimeMs":1563062400000},{"endTimeMs":1564272000000,"startTimeMs":1563667200000},{"endTimeMs":1564876800000,"startTimeMs":1564272000000},{"endTimeMs":1565481600000,"startTimeMs":1564876800000},{"endTimeMs":1566086400000,"startTimeMs":1565481600000},{"endTimeMs":1566691200000,"startTimeMs":1566086400000},{"endTimeMs":1567296000000,"startTimeMs":1566691200000},{"endTimeMs":1567900800000,"startTimeMs":1567296000000},{"endTimeMs":1568505600000,"startTimeMs":1567900800000},{"endTimeMs":1569110400000,"startTimeMs":1568505600000},{"endTimeMs":1569715200000,"startTimeMs":1569110400000},{"endTimeMs":1570320000000,"startTimeMs":1569715200000},{"endTimeMs":1570924800000,"startTimeMs":1570320000000},{"endTimeMs":1571529600000,"startTimeMs":1570924800000},{"endTimeMs":1572134400000,"startTimeMs":1571529600000},{"endTimeMs":1572739200000,"startTimeMs":1572134400000},{"endTimeMs":1573344000000,"startTimeMs":1572739200000},{"endTimeMs":1573948800000,"startTimeMs":1573344000000},{"endTimeMs":1574553600000,"startTimeMs":1573948800000},{"endTimeMs":1575158400000,"startTimeMs":1574553600000},{"endTimeMs":1575763200000,"startTimeMs":1575158400000},{"endTimeMs":1576368000000,"startTimeMs":1575763200000},{"endTimeMs":1576972800000,"startTimeMs":1576368000000},{"endTimeMs":1577577600000,"startTimeMs":1576972800000},{"endTimeMs":1578182400000,"startTimeMs":1577577600000},{"endTimeMs":1578787200000,"startTimeMs":1578182400000},{"endTimeMs":1579392000000,"startTimeMs":1578787200000},{"endTimeMs":1579996800000,"startTimeMs":1579392000000},{"endTimeMs":1580601600000,"startTimeMs":1579996800000},{"endTimeMs":1581206400000,"startTimeMs":1580601600000},{"endTimeMs":1581811200000,"startTimeMs":1581206400000},{"endTimeMs":1582416000000,"startTimeMs":1581811200000},{"endTimeMs":1583020800000,"startTimeMs":1582416000000},{"endTimeMs":1583625600000,"startTimeMs":1583020800000},{"endTimeMs":1584230400000,"startTimeMs":1583625600000},{"endTimeMs":1584835200000,"startTimeMs":1584230400000},{"endTimeMs":1585440000000,"startTimeMs":1584835200000},{"endTimeMs":1586044800000,"startTimeMs":1585440000000},{"endTimeMs":1586649600000,"startTimeMs":1586044800000},{"endTimeMs":1587254400000,"startTimeMs":1586649600000},{"endTimeMs":1587859200000,"startTimeMs":1587254400000},{"endTimeMs":1588464000000,"startTimeMs":1587859200000},{"endTimeMs":1589068800000,"startTimeMs":1588464000000},{"endTimeMs":1589673600000,"startTimeMs":1589068800000},{"endTimeMs":1590278400000,"startTimeMs":1589673600000},{"endTimeMs":1590883200000,"startTimeMs":1590278400000},{"endTimeMs":1591488000000,"startTimeMs":1590883200000},{"endTimeMs":1592092800000,"startTimeMs":1591488000000},{"endTimeMs":1592697600000,"startTimeMs":1592092800000},{"endTimeMs":1593302400000,"startTimeMs":1592697600000},{"endTimeMs":1593907200000,"startTimeMs":1593302400000},{"endTimeMs":1594512000000,"startTimeMs":1593907200000},{"endTimeMs":1595116800000,"startTimeMs":1594512000000},{"endTimeMs":1595721600000,"startTimeMs":1595116800000},{"endTimeMs":1596326400000,"startTimeMs":1595721600000},{"endTimeMs":1596931200000,"startTimeMs":1596326400000},{"endTimeMs":1597536000000,"startTimeMs":1596931200000},{"endTimeMs":1598140800000,"startTimeMs":1597536000000},{"endTimeMs":1598745600000,"startTimeMs":1598140800000},{"endTimeMs":1599350400000,"startTimeMs":1598745600000},{"endTimeMs":1599955200000,"startTimeMs":1599350400000},{"endTimeMs":1600560000000,"startTimeMs":1599955200000},{"endTimeMs":1601164800000,"startTimeMs":1600560000000},{"endTimeMs":1601769600000,"startTimeMs":1601164800000},{"endTimeMs":1602374400000,"startTimeMs":1601769600000},{"endTimeMs":1602979200000,"startTimeMs":1602374400000},{"endTimeMs":1603584000000,"startTimeMs":1602979200000},{"endTimeMs":1604188800000,"startTimeMs":1603584000000},{"endTimeMs":1604793600000,"startTimeMs":1604188800000},{"endTimeMs":1605398400000,"startTimeMs":1604793600000},{"endTimeMs":1606003200000,"startTimeMs":1605398400000},{"endTimeMs":1606608000000,"startTimeMs":1606003200000},{"endTimeMs":1607212800000,"startTimeMs":1606608000000},{"endTimeMs":1607817600000,"startTimeMs":1607212800000},{"endTimeMs":1608422400000,"startTimeMs":1607817600000},{"endTimeMs":1609027200000,"startTimeMs":1608422400000},{"endTimeMs":1609632000000,"startTimeMs":1609027200000},{"endTimeMs":1610236800000,"startTimeMs":1609632000000}],"unclaimedAliases":[]}